// Jest Snapshot v1, https://goo.gl/fbAQLP

exports[`App should match snapshot 1`] = `
<DocumentFragment>
  <div>
    <div />
    <div>
      <div
        data-role="game-offer"
      >
        <h1>
          @Memorix
        </h1>
        <h2>
          Â©2020
        </h2>
        <div />
        <div
          data-role="levels"
        >
          <button
            type="button"
          >
            Easy
          </button>
          <button
            type="button"
          >
            Medium
          </button>
          <button
            type="button"
          >
            Hard
          </button>
        </div>
      </div>
    </div>
    <div />
  </div>
</DocumentFragment>
`;
