// Jest Snapshot v1, https://goo.gl/fbAQLP

exports[`AmbientTypesParser should parse config and return installed ambient types 1`] = `
Array [
  Object {
    "name": "@types/babel__core",
    "version": "7.1.10",
  },
  Object {
    "name": "@types/babel__generator",
    "version": "7.6.2",
  },
  Object {
    "name": "@types/babel__template",
    "version": "7.0.3",
  },
  Object {
    "name": "@types/babel__traverse",
    "version": "7.0.15",
  },
  Object {
    "name": "@types/graceful-fs",
    "version": "4.1.3",
  },
  Object {
    "name": "@types/istanbul-lib-coverage",
    "version": "2.0.3",
  },
  Object {
    "name": "@types/istanbul-lib-report",
    "version": "3.0.0",
  },
  Object {
    "name": "@types/istanbul-reports",
    "version": "3.0.0",
  },
  Object {
    "name": "@types/jest",
    "version": "26.0.14",
  },
  Object {
    "name": "@types/json-schema",
    "version": "7.0.6",
  },
  Object {
    "name": "@types/json5",
    "version": "0.0.29",
  },
  Object {
    "name": "@types/node",
    "version": "14.11.2",
  },
  Object {
    "name": "@types/normalize-package-data",
    "version": "2.4.0",
  },
  Object {
    "name": "@types/prettier",
    "version": "2.1.1",
  },
  Object {
    "name": "@types/stack-utils",
    "version": "1.0.1",
  },
  Object {
    "name": "@types/yargs",
    "version": "15.0.7",
  },
  Object {
    "name": "@types/yargs-parser",
    "version": "15.0.0",
  },
]
`;
